[AIQuestionGenerator] Initialized (Groq): {
  model: 'llama-3.1-8b-instant',
  hasApiKey: false,
  dailyLimit: 14000,
  perMinuteLimit: 25
}
[QuestionGenerator] Loaded modular templates:
  Difficulty 1: 107 questions
  Difficulty 2: 101 questions
  Difficulty 3: 113 questions
  Difficulty 4: 99 questions
≡ƒöì Testing all question templates for answer correctness...


≡ƒôè Testing Difficulty 1:
==================================================
Found 107 templates

Γ£à rectangle_area
Γ£à square_perimeter
Γ£à circle_area
Γ£à identify_lines
Γ£à angle_type
Γ£à circle_parts
Γ£à polygon_identify
Γ£à plane_vs_solid
Γ£à polygon_interior_triangle
Γ£à polygon_interior_quadrilateral
Γ£à polygon_interior_pentagon
Γ£à polygon_interior_hexagon
Γ£à triangle_missing_angle_easy
Γ£à quadrilateral_missing_angle
Γ£à polygon_types_sides
Γ£à polygon_types_triangle
Γ£à point_definition
Γ£à line_segment_definition
Γ£à ray_definition
Γ£à plane_definition
Γ£à acute_angle
Γ£à right_angle
Γ£à obtuse_angle
Γ£à identify_plane_figure
Γ£à identify_solid_figure
Γ£à circle_diameter_definition
Γ£à circle_radius_relation
Γ£à circle_basic_circumference
Γ£à circle_chord_definition
Γ£à complementary_angles_definition
Γ£à supplementary_angles_definition
Γ£à polygon_definition
Γ£à rectangle_properties
Γ£à square_properties
Γ£à circle_parts
Γ£à circle_diameter_definition
Γ£à circle_radius_relation
Γ£à circle_basic_circumference
Γ£à circle_chord_definition
Γ£à circle_center_definition
Γ£à circle_diameter_radius_comparison
Γ£à volume_cube_basic
Γ£à volume_rectangular_prism_basic
Γ£à volume_concept
Γ£à volume_units
Γ£à volume_cube_visual
Γ£à point_definition
Γ£à line_definition
Γ£à line_segment_definition
Γ£à ray_definition
Γ£à plane_definition
Γ£à perimeter_definition
Γ£à area_definition
Γ£à square_perimeter_simple
Γ£à rectangle_perimeter_simple
Γ£à square_area_simple
Γ£à points_needed_line
Γ£à line_segment_parts
Γ£à ray_parts
Γ£à line_notation
Γ£à segment_notation
Γ£à right_angle_definition
Γ£à acute_angle_definition
Γ£à obtuse_angle_definition
Γ£à straight_angle_definition
Γ£à angle_classification_45
Γ£à complementary_definition
Γ£à supplementary_definition
Γ£à complementary_example
Γ£à supplementary_example
Γ£à right_angle_complement
Γ£à complementary_vs_supplementary_identification
Γ£à complementary_right_angle_split
Γ£à circle_radius_to_diameter
Γ£à circle_diameter_to_radius
Γ£à circumference_formula
Γ£à area_formula
Γ£à pi_approximation
Γ£à circle_pi_definition
Γ£à circle_basic_properties
Γ£à triangle_definition
Γ£à quadrilateral_definition
Γ£à pentagon_sides
Γ£à hexagon_sides
Γ£à square_identify
Γ£à dodecagon_sides
Γ£à polygon_name_basic
Γ£à triangle_angle_sum
Γ£à triangle_angle_find
Γ£à right_triangle_angles
Γ£à isosceles_triangle_angles
Γ£à equilateral_triangle_angle
Γ£à plane_figure_definition
Γ£à space_figure_definition
Γ£à plane_figure_examples
Γ£à space_figure_examples
Γ£à dimensions_plane
Γ£à perimeter_word_simple
Γ£à area_word_simple
Γ£à angle_word_simple
Γ£à distance_word
Γ£à circle_word_simple
Γ£à proof_definition
Γ£à given_statement
Γ£à prove_statement
Γ£à postulate_vs_theorem
Γ£à theorem_definition

≡ƒôè Testing Difficulty 2:
==================================================
Found 101 templates

Γ£à collinear_points
Γ£à coplanar_points
Γ£à line_naming
Γ£à rectangle_perimeter
Γ£à triangle_area
Γ£à circle_circumference
Γ£à complementary_angles
Γ£à supplementary_angles
Γ£à angle_measurement
Γ£à straight_angle
Γ£à solid_figure_properties
Γ£à plane_figure_properties
Γ£à parallelogram_area
Γ£à volume_cube
Γ£à surface_area_cube
Γ£à polygon_interior_pentagon
Γ£à polygon_interior_hexagon
Γ£à circle_diameter_from_radius
Γ£à circle_area_comparison
Γ£à circle_semicircle_perimeter
Γ£à polygon_perimeter_regular
Γ£à triangle_perimeter
Γ£à volume_rectangular_prism_simple
Γ£à polygon_identify_quadrilateral
Γ£à polygon_types_pentagon
Γ£à polygon_types_octagon
Γ£à polygon_identify_by_angles
Γ£à polygon_regular_definition
Γ£à circle_arc_definition
Γ£à circle_sector_definition
Γ£à circle_tangent_definition
Γ£à circle_central_angle
Γ£à circle_major_minor_arc
Γ£à circle_semicircle_definition
Γ£à circle_congruent_definition
Γ£à volume_cube
Γ£à volume_rectangular_prism_simple
Γ£à volume_cylinder_basic
Γ£à volume_prism_word
Γ£à volume_comparison
Γ£à collinear_points
Γ£à coplanar_points
Γ£à intersecting_lines
Γ£à parallel_lines
Γ£à perpendicular_lines
Γ£à rectangle_area
Γ£à triangle_perimeter
Γ£à triangle_area_basic
Γ£à parallelogram_area
Γ£à trapezoid_area_intro
Γ£à points_needed_plane
Γ£à collinear_definition
Γ£à coplanar_definition
Γ£à parallel_lines_definition
Γ£à intersecting_lines_definition
Γ£à angle_classification_120
Γ£à reflex_angle_definition
Γ£à complete_rotation
Γ£à vertical_angles
Γ£à adjacent_angles
Γ£à complementary_calculation
Γ£à supplementary_calculation
Γ£à complementary_system
Γ£à supplementary_system
Γ£à angle_relationship_id
Γ£à complementary_angle_pair_calc
Γ£à supplementary_real_world
Γ£à circumference_from_radius
Γ£à circumference_from_diameter
Γ£à area_from_radius
Γ£à area_from_diameter
Γ£à radius_from_circumference
Γ£à circle_diameter_from_circumference
Γ£à circle_compare_measurements
Γ£à heptagon_sides
Γ£à octagon_sides
Γ£à nonagon_sides
Γ£à decagon_sides
Γ£à rectangle_identify
Γ£à undecagon_sides
Γ£à polygon_properties_vertices
Γ£à quadrilateral_angle_sum
Γ£à quadrilateral_angle_find
Γ£à rectangle_angles
Γ£à pentagon_angle_sum
Γ£à hexagon_angle_sum
Γ£à dimensions_space
Γ£à cube_faces
Γ£à cube_vertices
Γ£à cube_edges
Γ£à prism_definition
Γ£à rectangle_cost_problem
Γ£à paint_area_problem
Γ£à triangle_garden_problem
Γ£à running_track_problem
Γ£à ladder_problem
Γ£à congruent_definition
Γ£à similar_definition
Γ£à reflexive_property
Γ£à symmetric_property
Γ£à transitive_property

≡ƒôè Testing Difficulty 3:
==================================================
Found 113 templates

Γ£à vertical_angles
Γ£à adjacent_angles
Γ£à circle_area
Γ£à circle_circumference
Γ£à circle_diameter_to_circumference
Γ£à circle_radius_from_circumference
Γ£à circle_area_from_diameter
Γ£à solid_vs_plane_comparison
Γ£à solid_figure_properties
Γ£à plane_figure_properties
Γ£à nets_of_solids
Γ£à solid_vs_plane_comparison_cone
Γ£à solid_vs_plane_comparison_prism
Γ£à area_word_problem
Γ£à perimeter_word_problem
Γ£à angle_proof_simple
Γ£à triangle_angle_sum
Γ£à intersecting_lines
Γ£à perpendicular_lines
Γ£à skew_lines
Γ£à line_segment_notation
Γ£à point_naming_convention
Γ£à line_infinite_property
Γ£à plane_points_required
Γ£à ray_vs_line_segment
Γ£à collinear_points_line
Γ£à line_notation_symbols
Γ£à composite_area
Γ£à pythagorean
Γ£à trapezoid_area
Γ£à polygon_interior_angles
Γ£à polygon_identify_heptagon
Γ£à polygon_types_nonagon
Γ£à polygon_identify_decagon
Γ£à polygon_convex_definition
Γ£à polygon_diagonals
Γ£à congruent_angles
Γ£à volume_rectangular_prism
Γ£à volume_cylinder
Γ£à surface_area_rectangular_prism
Γ£à circle_secant_definition
Γ£à circle_inscribed_angle
Γ£à circle_segment_definition
Γ£à circle_concentric
Γ£à circle_point_of_tangency
Γ£à circle_common_tangent
Γ£à circle_minor_arc_comparison
Γ£à volume_rectangular_prism
Γ£à volume_cylinder
Γ£à volume_pyramid_intro
Γ£à volume_cone_intro
Γ£à volume_sphere_intro
Γ£à minimum_points_line
Γ£à minimum_points_plane
Γ£à skew_lines
Γ£à line_plane_intersection
Γ£à midpoint_concept
Γ£à trapezoid_area
Γ£à rhombus_area
Γ£à regular_polygon_perimeter
Γ£à composite_figure
Γ£à area_units
Γ£à perpendicular_lines_definition
Γ£à skew_lines_definition
Γ£à line_plane_postulate
Γ£à plane_intersection_postulate
Γ£à distance_postulate
Γ£à angle_bisector
Γ£à linear_pair
Γ£à vertical_angles_property
Γ£à angle_addition
Γ£à reflex_angle_example
Γ£à complementary_word_problem
Γ£à supplementary_word_problem
Γ£à complementary_difference
Γ£à supplementary_difference
Γ£à angle_relationships_multiple
Γ£à complementary_system_equations
Γ£à supplementary_multistep_word
Γ£à radius_from_area
Γ£à circle_word_problem_circumference
Γ£à circle_word_problem_area
Γ£à semicircle_perimeter
Γ£à semicircle_area
Γ£à circle_word_problem_wheel
Γ£à circle_multiple_step_pizza
Γ£à rhombus_identify
Γ£à trapezoid_identify
Γ£à parallelogram_identify
Γ£à equilateral_triangle
Γ£à isosceles_triangle
Γ£à right_triangle_identify
Γ£à acute_obtuse_triangle
Γ£à polygon_angle_sum_formula
Γ£à polygon_angle_sum_calculation
Γ£à regular_polygon_angle
Γ£à exterior_angle_theorem
Γ£à exterior_angles_sum
Γ£à pyramid_definition
Γ£à cylinder_bases
Γ£à cone_base
Γ£à sphere_definition
Γ£à polyhedron_definition
Γ£à composite_area_problem
Γ£à circular_garden_border
Γ£à roof_area_problem
Γ£à box_volume_problem
Γ£à water_tank_problem
Γ£à vertical_angles_theorem
Γ£à linear_pair_theorem
Γ£à triangle_congruence_sss
Γ£à triangle_congruence_sas
Γ£à triangle_congruence_asa

≡ƒôè Testing Difficulty 4:
==================================================
Found 99 templates

Γ£à angle_bisector
Γ£à composite_solid_surface
Γ£à volume_word_problem
Γ£à triangle_inequality
Γ£à quadrilateral_angles
Γ£à similar_triangles
Γ£à circle_sector
Γ£à annulus_area
Γ£à similar_congruent_polygons
Γ£à volume_pyramid
Γ£à volume_cone
Γ£à surface_area_cylinder
Γ£à circle_arc_length
Γ£à circle_segment_area
Γ£à circle_inscribed_square
Γ£à polygon_exterior_angles
Γ£à regular_polygon_interior_angle
Γ£à volume_cylinder_word
Γ£à surface_area_rectangular_prism
Γ£à angle_pairs_parallel_lines
Γ£à angle_sum_pentagon
Γ£à polygon_types_dodecagon
Γ£à polygon_total_diagonals
Γ£à polygon_identify_classification
Γ£à polygon_exterior_angle_regular
Γ£à polygon_identify_by_diagonals
Γ£à circle_inscribed_angle_theorem
Γ£à circle_tangent_perpendicular
Γ£à circle_chord_properties
Γ£à circle_arc_relationship
Γ£à circle_diameter_perpendicular_chord
Γ£à circle_tangent_radius_angle
Γ£à circle_inscribed_angle_arc
Γ£à volume_word_problem
Γ£à volume_pyramid
Γ£à volume_cone
Γ£à volume_sphere
Γ£à volume_cylinder_word
Γ£à parallel_postulate
Γ£à plane_intersection
Γ£à distance_point_to_line
Γ£à segment_addition
